uv : INFO:httpx:HTTP Request: GET https://badupjrwhiucpvnuwlu
c.supabase.co/rest/v1/companies?select=%2A&limit=1 "HTTP/2 
200 OK"
At line:1 char:1
+ uv run python agents/test_raw_events.py 2>&1 | Out-File 
-FilePath tes ...
+ ~~~~~~~~~~~~~~~~~~~~~~~~~~~~~~~~~~~~~~~~~~~~
    + CategoryInfo          : NotSpecified: (INFO:httpx:HTTP 
   ..."HTTP/2 200 OK":String) [], RemoteException
    + FullyQualifiedErrorId : NativeCommandError
 
INFO:httpx:HTTP Request: POST 
https://api.openai.com/v1/chat/completions "HTTP/1.1 200 OK"
INFO:httpx:HTTP Request: POST 
https://api.openai.com/v1/chat/completions "HTTP/1.1 200 OK"
INFO:httpx:HTTP Request: POST 
https://api.openai.com/v1/chat/completions "HTTP/1.1 200 OK"
================================================================================
ACTUAL COMPANY PROFILE IN DATABASE:
================================================================================
Name: PAVISHA
Brand Voice: Modern, minimal, and quality-first.
Target Audience: Food & Beverage Brands, Dry Fruits / Makhana / Nuts, Retail & D2C, Small / Medium brands, Wholesale / Bulk
Industry: None
Style Preferences: []
================================================================================

USER INPUT:
Please catalog a vintage-style blue denim jacket. Price: $89.99. Sizes: S, M, L. Image: https://i.imgur.com/325hRIH.jpeg

================================================================================

================================================================================
EVENT 1
================================================================================
Message Type: AIMessage
Traceback (most recent call last):
  File 
"C:\Abhi\personal\AutifyME\agents\test_raw_events.py", line 
92, in <module>
    main()
    ~~~~^^
  File 
"C:\Abhi\personal\AutifyME\agents\test_raw_events.py", line 
81, in main
    print(f"\n\U0001f527 TOOL RESULT from 
'{last_message.name}':")
    ~~~~~^^^^^^^^^^^^^^^^^^^^^^^^^^^^^^^^^^^^^^^^^^^^^^^^^
  File "C:\Python313\Lib\encodings\cp1252.py", line 19, in 
encode
    return 
codecs.charmap_encode(input,self.errors,encoding_table)[0]
           
~~~~~~~~~~~~~~~~~~~~~^^^^^^^^^^^^^^^^^^^^^^^^^^^^^^^^^^
UnicodeEncodeError: 'charmap' codec can't encode character 
'\U0001f527' in position 2: character maps to <undefined>
